TLC2 Version 2.19 of 08 August 2024 (rev: 5a47802)
Running breadth-first search Model-Checking with fp 44 and seed 8900424511705837787 with 10 workers on 10 cores with 14564MB heap and 64MB offheap memory [pid: 28276] (Mac OS X 27.0 aarch64, Homebrew 27 x86_64, MSBDiskFPSet, DiskStateQueue).
Starting... (2026-09-23 21:16:15)
Implied-temporal checking--satisfiability problem has 1 branches.
Computing initial states...
Computed 2 initial states...
Computed 4 initial states...
Computed 8 initial states...
Computed 16 initial states...
Computed 32 initial states...
Computed 64 initial states...
Computed 128 initial states...
Computed 256 initial states...
Computed 512 initial states...
Computed 1024 initial states...
Computed 2048 initial states...
Computed 4096 initial states...
Computed 8192 initial states...
Computed 16384 initial states...
Computed 32768 initial states...
Finished computing initial states: 36015 distinct states generated at 2026-09-23 21:16:16.
Checking temporal properties for the current state space with 137935 total distinct states at (2026-09-23 21:16:19)
Finished checking temporal properties in 01s at 2026-09-23 21:16:20
Progress(7) at 2026-09-23 21:16:20: 159 544 states generated (159 544 s/min), 137 935 distinct states found (137 935 ds/min), 14 404 states left on queue.
Progress(92) at 2026-09-23 21:16:34: 591 301 states generated, 555 286 distinct states found, 0 states left on queue.
Checking temporal properties for the complete state space with 555286 total distinct states at (2026-09-23 21:16:34)
Finished checking temporal properties in 07s at 2026-09-23 21:16:42
Model checking completed. No error has been found.
  Estimates of the probability that TLC did not check all reachable states
  because two distinct states had the same fingerprint:
  calculated (optimistic):  val = 1.1E-9
  based on the actual fingerprints:  val = 1.0E-8
591301 states generated, 555286 distinct states found, 0 states left on queue.
The depth of the complete state graph search is 92.
The average outdegree of the complete state graph is 1 (minimum is 0, the maximum 1 and the 95th percentile is 1).
Finished in 27s at (2026-09-23 21:16:42)
