TLC2 Version 2.19 of 08 August 2024 (rev: 5a47802)
Running breadth-first search Model-Checking with fp 93 and seed 6607494634403764295 with 10 workers on 10 cores with 14564MB heap and 64MB offheap memory [pid: 28351] (Mac OS X 27.0 aarch64, Homebrew 27 x86_64, MSBDiskFPSet, DiskStateQueue).
Starting... (2026-09-23 21:16:43)
Implied-temporal checking--satisfiability problem has 1 branches.
Computing initial states...
Computed 2 initial states...
Computed 4 initial states...
Computed 8 initial states...
Computed 16 initial states...
Computed 32 initial states...
Computed 64 initial states...
Computed 128 initial states...
Computed 256 initial states...
Computed 512 initial states...
Computed 1024 initial states...
Computed 2048 initial states...
Computed 4096 initial states...
Computed 8192 initial states...
Computed 16384 initial states...
Computed 32768 initial states...
Computed 65536 initial states...
Computed 131072 initial states...
Computed 262144 initial states...
Computed 524288 initial states...
Finished computing initial states: 759375 distinct states generated at 2026-09-23 21:17:14.
Checking temporal properties for the current state space with 799076 total distinct states at (2026-09-23 21:17:18)
Finished checking temporal properties in 01s at 2026-09-23 21:17:19
Progress(2) at 2026-09-23 21:17:19: 858 625 states generated (858 625 s/min), 858 625 distinct states found (858 625 ds/min), 759 375 states left on queue.
Checking temporal properties for the current state space with 2594562 total distinct states at (2026-09-23 21:18:19)
Finished checking temporal properties in 36s at 2026-09-23 21:18:55
Progress(6) at 2026-09-23 21:18:55: 3 050 901 states generated (2 192 276 s/min), 2 595 273 distinct states found (1 736 648 ds/min), 303 749 states left on queue.
Progress(16) at 2026-09-23 21:19:55: 4 932 993 states generated (1 882 092 s/min), 4 325 493 distinct states found (1 730 220 ds/min), 151 873 states left on queue.
Checking temporal properties for the current state space with 6665024 total distinct states at (2026-09-23 21:20:55)
Finished checking temporal properties in 01min 13s at 2026-09-23 21:22:09
Progress(38) at 2026-09-23 21:22:09: 7 377 202 states generated (2 444 209 s/min), 6 665 160 distinct states found (2 339 667 ds/min), 47 332 states left on queue.
Progress(87) at 2026-09-23 21:22:29: 7 962 095 states generated, 7 202 720 distinct states found, 0 states left on queue.
Checking temporal properties for the complete state space with 7202720 total distinct states at (2026-09-23 21:22:29)
Finished checking temporal properties in 01min 14s at 2026-09-23 21:23:44
Model checking completed. No error has been found.
  Estimates of the probability that TLC did not check all reachable states
  because two distinct states had the same fingerprint:
  calculated (optimistic):  val = 3.0E-7
  based on the actual fingerprints:  val = 3.1E-6
7962095 states generated, 7202720 distinct states found, 0 states left on queue.
The depth of the complete state graph search is 87.
The average outdegree of the complete state graph is 1 (minimum is 0, the maximum 1 and the 95th percentile is 1).
Finished in 07min 02s at (2026-09-23 21:23:44)
