TLC2 Version 2.19 of 08 August 2024 (rev: 5a47802)
Running breadth-first search Model-Checking with fp 73 and seed -1856086529129602059 with 10 workers on 10 cores with 14564MB heap and 64MB offheap memory [pid: 27502] (Mac OS X 27.0 aarch64, Homebrew 27 x86_64, MSBDiskFPSet, DiskStateQueue).
Starting... (2026-09-23 21:12:46)
Implied-temporal checking--satisfiability problem has 1 branches.
Computing initial states...
Computed 2 initial states...
Computed 4 initial states...
Computed 8 initial states...
Computed 16 initial states...
Computed 32 initial states...
Computed 64 initial states...
Computed 128 initial states...
Computed 256 initial states...
Computed 512 initial states...
Computed 1024 initial states...
Computed 2048 initial states...
Computed 4096 initial states...
Computed 8192 initial states...
Computed 16384 initial states...
Computed 32768 initial states...
Finished computing initial states: 50625 distinct states generated at 2026-09-23 21:12:57.
Checking temporal properties for the current state space with 140821 total distinct states at (2026-09-23 21:13:00)
Finished checking temporal properties in 01s at 2026-09-23 21:13:01
Progress(3) at 2026-09-23 21:13:01: 140 821 states generated (140 821 s/min), 140 821 distinct states found (140 821 ds/min), 50 624 states left on queue.
Progress(126) at 2026-09-23 21:14:00: 3 225 983 states generated, 3 175 358 distinct states found, 0 states left on queue.
Checking temporal properties for the complete state space with 3175358 total distinct states at (2026-09-23 21:14:00)
Finished checking temporal properties in 01min 10s at 2026-09-23 21:15:10
Model checking completed. No error has been found.
  Estimates of the probability that TLC did not check all reachable states
  because two distinct states had the same fingerprint:
  calculated (optimistic):  val = 8.7E-9
  based on the actual fingerprints:  val = 9.0E-7
3225983 states generated, 3175358 distinct states found, 0 states left on queue.
The depth of the complete state graph search is 126.
The average outdegree of the complete state graph is 1 (minimum is 0, the maximum 1 and the 95th percentile is 1).
Finished in 02min 24s at (2026-09-23 21:15:10)
