TLC2 Version 2.19 of 08 August 2024 (rev: 5a47802)
Running breadth-first search Model-Checking with fp 6 and seed 5708488135626386592 with 10 workers on 10 cores with 14564MB heap and 64MB offheap memory [pid: 28032] (Mac OS X 27.0 aarch64, Homebrew 27 x86_64, MSBDiskFPSet, DiskStateQueue).
Starting... (2026-09-23 21:15:12)
Implied-temporal checking--satisfiability problem has 1 branches.
Computing initial states...
Computed 2 initial states...
Computed 4 initial states...
Computed 8 initial states...
Computed 16 initial states...
Computed 32 initial states...
Computed 64 initial states...
Computed 128 initial states...
Computed 256 initial states...
Computed 512 initial states...
Computed 1024 initial states...
Computed 2048 initial states...
Computed 4096 initial states...
Computed 8192 initial states...
Computed 16384 initial states...
Finished computing initial states: 16807 distinct states generated at 2026-09-23 21:15:16.
Checking temporal properties for the current state space with 91484 total distinct states at (2026-09-23 21:15:19)
Finished checking temporal properties in 01s at 2026-09-23 21:15:20
Progress(6) at 2026-09-23 21:15:20: 91 486 states generated (91 486 s/min), 91 485 distinct states found (91 485 ds/min), 16 805 states left on queue.
Progress(72) at 2026-09-23 21:15:38: 801 379 states generated, 784 572 distinct states found, 0 states left on queue.
Checking temporal properties for the complete state space with 784572 total distinct states at (2026-09-23 21:15:38)
Finished checking temporal properties in 09s at 2026-09-23 21:15:48
Model checking completed. No error has been found.
  Estimates of the probability that TLC did not check all reachable states
  because two distinct states had the same fingerprint:
  calculated (optimistic):  val = 7.1E-10
  based on the actual fingerprints:  val = 2.1E-8
801379 states generated, 784572 distinct states found, 0 states left on queue.
The depth of the complete state graph search is 72.
The average outdegree of the complete state graph is 1 (minimum is 0, the maximum 1 and the 95th percentile is 1).
Finished in 36s at (2026-09-23 21:15:48)
