TLC2 Version 2.19 of 08 August 2024 (rev: 5a47802)
Running breadth-first search Model-Checking with fp 43 and seed 4603963155609392064 with 10 workers on 10 cores with 14564MB heap and 64MB offheap memory [pid: 27110] (Mac OS X 27.0 aarch64, Homebrew 27 x86_64, MSBDiskFPSet, DiskStateQueue).
Starting... (2026-09-23 21:11:32)
Implied-temporal checking--satisfiability problem has 1 branches.
Computing initial states...
Computed 2 initial states...
Computed 4 initial states...
Computed 8 initial states...
Computed 16 initial states...
Computed 32 initial states...
Computed 64 initial states...
Computed 128 initial states...
Computed 256 initial states...
Computed 512 initial states...
Computed 1024 initial states...
Computed 2048 initial states...
Computed 4096 initial states...
Computed 8192 initial states...
Computed 16384 initial states...
Finished computing initial states: 28561 distinct states generated at 2026-09-23 21:11:36.
Checking temporal properties for the current state space with 127441 total distinct states at (2026-09-23 21:11:39)
Finished checking temporal properties in 01s at 2026-09-23 21:11:41
Progress(5) at 2026-09-23 21:11:41: 127 441 states generated (127 441 s/min), 127 441 distinct states found (127 441 ds/min), 28 561 states left on queue.
Progress(107) at 2026-09-23 21:12:14: 1 602 004 states generated, 1 573 443 distinct states found, 0 states left on queue.
Checking temporal properties for the complete state space with 1573443 total distinct states at (2026-09-23 21:12:14)
Finished checking temporal properties in 30s at 2026-09-23 21:12:45
Model checking completed. No error has been found.
  Estimates of the probability that TLC did not check all reachable states
  because two distinct states had the same fingerprint:
  calculated (optimistic):  val = 2.4E-9
  based on the actual fingerprints:  val = 1.8E-7
1602004 states generated, 1573443 distinct states found, 0 states left on queue.
The depth of the complete state graph search is 107.
The average outdegree of the complete state graph is 1 (minimum is 0, the maximum 1 and the 95th percentile is 1).
Finished in 01min 13s at (2026-09-23 21:12:45)
