TLC2 Version 2.19 of 08 August 2024 (rev: 5a47802)
Running breadth-first search Model-Checking with fp 65 and seed -8919527833759988194 with 10 workers on 10 cores with 14564MB heap and 64MB offheap memory [pid: 30117] (Mac OS X 27.0 aarch64, Homebrew 27 x86_64, MSBDiskFPSet, DiskStateQueue).
Starting... (2026-09-23 21:23:45)
Implied-temporal checking--satisfiability problem has 1 branches.
Computing initial states...
Computed 2 initial states...
Computed 4 initial states...
Computed 8 initial states...
Computed 16 initial states...
Computed 32 initial states...
Computed 64 initial states...
Computed 128 initial states...
Computed 256 initial states...
Computed 512 initial states...
Computed 1024 initial states...
Computed 2048 initial states...
Finished computing initial states: 4096 distinct states generated at 2026-09-23 21:23:45.
Checking temporal properties for the current state space with 12632 total distinct states at (2026-09-23 21:23:48)
Finished checking temporal properties in 00s at 2026-09-23 21:23:49
Progress(4) at 2026-09-23 21:23:49: 12 640 states generated (12 640 s/min), 12 632 distinct states found (12 632 ds/min), 4 078 states left on queue.
Progress(47) at 2026-09-23 21:24:06: 1 281 192 states generated, 637 352 distinct states found, 0 states left on queue.
Checking temporal properties for the complete state space with 637352 total distinct states at (2026-09-23 21:24:06)
Finished checking temporal properties in 07s at 2026-09-23 21:24:13
Model checking completed. No error has been found.
  Estimates of the probability that TLC did not check all reachable states
  because two distinct states had the same fingerprint:
  calculated (optimistic):  val = 2.2E-8
  based on the actual fingerprints:  val = 5.1E-8
1281192 states generated, 637352 distinct states found, 0 states left on queue.
The depth of the complete state graph search is 47.
The average outdegree of the complete state graph is 1 (minimum is 0, the maximum 3 and the 95th percentile is 3).
Finished in 28s at (2026-09-23 21:24:14)
