TLC2 Version 2.19 of 08 August 2024 (rev: 5a47802)
Running breadth-first search Model-Checking with fp 81 and seed -8142052433629132478 with 10 workers on 10 cores with 14564MB heap and 64MB offheap memory [pid: 31807] (Mac OS X 27.0 aarch64, Homebrew 27 x86_64, MSBDiskFPSet, DiskStateQueue).
Starting... (2026-09-23 21:26:35)
Implied-temporal checking--satisfiability problem has 1 branches.
Computing initial states...
Computed 2 initial states...
Computed 4 initial states...
Computed 8 initial states...
Computed 16 initial states...
Computed 32 initial states...
Computed 64 initial states...
Computed 128 initial states...
Finished computing initial states: 256 distinct states generated at 2026-09-23 21:26:35.
Checking temporal properties for the current state space with 68673 total distinct states at (2026-09-23 21:26:38)
Finished checking temporal properties in 00s at 2026-09-23 21:26:39
Progress(21) at 2026-09-23 21:26:39: 148 649 states generated (148 649 s/min), 68 673 distinct states found (68 673 ds/min), 7 678 states left on queue.
Progress(49) at 2026-09-23 21:26:41: 360 316 states generated, 156 668 distinct states found, 0 states left on queue.
Checking temporal properties for the complete state space with 156668 total distinct states at (2026-09-23 21:26:41)
Finished checking temporal properties in 01s at 2026-09-23 21:26:42
Model checking completed. No error has been found.
  Estimates of the probability that TLC did not check all reachable states
  because two distinct states had the same fingerprint:
  calculated (optimistic):  val = 1.7E-9
  based on the actual fingerprints:  val = 3.2E-9
360316 states generated, 156668 distinct states found, 0 states left on queue.
The depth of the complete state graph search is 49.
The average outdegree of the complete state graph is 1 (minimum is 0, the maximum 4 and the 95th percentile is 3).
Finished in 07s at (2026-09-23 21:26:42)
