TLC2 Version 2.19 of 08 August 2024 (rev: 5a47802)
Running breadth-first search Model-Checking with fp 111 and seed -453248091147860190 with 10 workers on 10 cores with 14564MB heap and 64MB offheap memory [pid: 30595] (Mac OS X 27.0 aarch64, Homebrew 27 x86_64, MSBDiskFPSet, DiskStateQueue).
Starting... (2026-09-23 21:24:39)
Implied-temporal checking--satisfiability problem has 1 branches.
Computing initial states...
Computed 2 initial states...
Computed 4 initial states...
Computed 8 initial states...
Computed 16 initial states...
Computed 32 initial states...
Computed 64 initial states...
Computed 128 initial states...
Computed 256 initial states...
Computed 512 initial states...
Finished computing initial states: 1024 distinct states generated at 2026-09-23 21:24:39.
Checking temporal properties for the current state space with 23575 total distinct states at (2026-09-23 21:24:42)
Finished checking temporal properties in 00s at 2026-09-23 21:24:42
Progress(8) at 2026-09-23 21:24:42: 34 886 states generated (34 886 s/min), 23 575 distinct states found (23 575 ds/min), 8 491 states left on queue.
Progress(51) at 2026-09-23 21:24:50: 441 972 states generated, 210 548 distinct states found, 0 states left on queue.
Checking temporal properties for the complete state space with 210548 total distinct states at (2026-09-23 21:24:50)
Finished checking temporal properties in 02s at 2026-09-23 21:24:52
Model checking completed. No error has been found.
  Estimates of the probability that TLC did not check all reachable states
  because two distinct states had the same fingerprint:
  calculated (optimistic):  val = 2.6E-9
  based on the actual fingerprints:  val = 2.8E-9
441972 states generated, 210548 distinct states found, 0 states left on queue.
The depth of the complete state graph search is 51.
The average outdegree of the complete state graph is 1 (minimum is 0, the maximum 3 and the 95th percentile is 3).
Finished in 13s at (2026-09-23 21:24:52)
