TLC2 Version 2.19 of 08 August 2024 (rev: 5a47802)
Running breadth-first search Model-Checking with fp 6 and seed 975520145791799991 with 10 workers on 10 cores with 14564MB heap and 64MB offheap memory [pid: 30393] (Mac OS X 27.0 aarch64, Homebrew 27 x86_64, MSBDiskFPSet, DiskStateQueue).
Starting... (2026-09-23 21:24:15)
Implied-temporal checking--satisfiability problem has 1 branches.
Computing initial states...
Computed 2 initial states...
Computed 4 initial states...
Computed 8 initial states...
Computed 16 initial states...
Computed 32 initial states...
Computed 64 initial states...
Computed 128 initial states...
Computed 256 initial states...
Computed 512 initial states...
Computed 1024 initial states...
Computed 2048 initial states...
Finished computing initial states: 4096 distinct states generated at 2026-09-23 21:24:15.
Checking temporal properties for the current state space with 7720 total distinct states at (2026-09-23 21:24:18)
Finished checking temporal properties in 00s at 2026-09-23 21:24:18
Progress(2) at 2026-09-23 21:24:18: 7 727 states generated (7 727 s/min), 7 727 distinct states found (7 727 ds/min), 4 096 states left on queue.
Progress(57) at 2026-09-23 21:24:33: 598 496 states generated, 400 864 distinct states found, 0 states left on queue.
Checking temporal properties for the complete state space with 400864 total distinct states at (2026-09-23 21:24:33)
Finished checking temporal properties in 04s at 2026-09-23 21:24:38
Model checking completed. No error has been found.
  Estimates of the probability that TLC did not check all reachable states
  because two distinct states had the same fingerprint:
  calculated (optimistic):  val = 4.3E-9
  based on the actual fingerprints:  val = 2.0E-9
598496 states generated, 400864 distinct states found, 0 states left on queue.
The depth of the complete state graph search is 57.
The average outdegree of the complete state graph is 1 (minimum is 0, the maximum 2 and the 95th percentile is 2).
Finished in 23s at (2026-09-23 21:24:38)
