TLC2 Version 2.19 of 08 August 2024 (rev: 5a47802)
Running breadth-first search Model-Checking with fp 88 and seed -3148152897075242631 with 10 workers on 10 cores with 14564MB heap and 64MB offheap memory [pid: 31840] (Mac OS X 27.0 aarch64, Homebrew 27 x86_64, MSBDiskFPSet, DiskStateQueue).
Starting... (2026-09-23 21:26:43)
Implied-temporal checking--satisfiability problem has 1 branches.
Computing initial states...
Computed 2 initial states...
Computed 4 initial states...
Computed 8 initial states...
Computed 16 initial states...
Computed 32 initial states...
Computed 64 initial states...
Computed 128 initial states...
Computed 256 initial states...
Computed 512 initial states...
Computed 1024 initial states...
Computed 2048 initial states...
Finished computing initial states: 4096 distinct states generated at 2026-09-23 21:26:44.
Checking temporal properties for the current state space with 7424 total distinct states at (2026-09-23 21:26:47)
Finished checking temporal properties in 00s at 2026-09-23 21:26:47
Progress(2) at 2026-09-23 21:26:47: 7 430 states generated (7 430 s/min), 7 430 distinct states found (7 430 ds/min), 4 096 states left on queue.
Progress(44) at 2026-09-23 21:27:36: 3 582 680 states generated, 1 846 728 distinct states found, 0 states left on queue.
Checking temporal properties for the complete state space with 1846728 total distinct states at (2026-09-23 21:27:36)
Finished checking temporal properties in 14s at 2026-09-23 21:27:51
Model checking completed. No error has been found.
  Estimates of the probability that TLC did not check all reachable states
  because two distinct states had the same fingerprint:
  calculated (optimistic):  val = 1.7E-7
  based on the actual fingerprints:  val = 3.2E-7
3582680 states generated, 1846728 distinct states found, 0 states left on queue.
The depth of the complete state graph search is 44.
The average outdegree of the complete state graph is 1 (minimum is 0, the maximum 4 and the 95th percentile is 3).
Finished in 01min 07s at (2026-09-23 21:27:51)
