TLC2 Version 2.19 of 08 August 2024 (rev: 5a47802)
Running breadth-first search Model-Checking with fp 74 and seed 6979877063575322384 with 1 worker on 10 cores with 14564MB heap and 64MB offheap memory [pid: 32462] (Mac OS X 27.0 aarch64, Homebrew 27 x86_64, MSBDiskFPSet, DiskStateQueue).
Starting... (2026-09-23 21:27:52)
Computing initial states...
Computed 2 initial states...
Computed 4 initial states...
Computed 8 initial states...
Computed 16 initial states...
Computed 32 initial states...
Finished computing initial states: 64 distinct states generated at 2026-09-23 21:27:53.
Error: Invariant ContentsPreservedOnException is violated.
Error: The behavior up to this point is:
State 1: <Initial predicate>
/\ phase = "hist"
/\ sourceIsA = TRUE
/\ tmp = (0 :> <<0, -1>> @@ 1 :> <<0, -1>> @@ 2 :> <<0, -1>>)
/\ varying = 0
/\ a = (0 :> <<1, 0>> @@ 1 :> <<0, 1>> @@ 2 :> <<2, 2>>)
/\ ci = 0
/\ cw = 0
/\ di = << >>
/\ exc = "none"
/\ offs = (0 :> (0 :> 0 @@ 1 :> 0))
/\ ret = "running"
/\ hist = (0 :> (0 :> 0 @@ 1 :> 0))
/\ fromA = TRUE
/\ dstate = << >>
/\ firstUnstarted = 1
/\ cstage = "idle"
/\ mpc = "init"
/\ spawnNext = 1
/\ shift = 0
/\ bits = 0
/\ cexc = FALSE
/\ wcount = [a |-> (0 :> 0 @@ 1 :> 0 @@ 2 :> 0), tmp |-> (0 :> 0 @@ 1 :> 0 @@ 2 :> 0)]
/\ a0 = (0 :> <<1, 0>> @@ 1 :> <<0, 1>> @@ 2 :> <<2, 2>>)

State 2: <Start line 191, col 5 to line 198, col 78 of module ParallelRadixSort>
/\ varying = 3
/\ mpc = "loop"

State 3: <MainLoop line 212, col 5 to line 230, col 74 of module ParallelRadixSort>
/\ cstage = "start"
/\ mpc = "f"
/\ bits = 1

State 4: <CallerStart line 276, col 5 to line 282, col 60 of module ParallelRadixSort>
/\ cstage = "loop"

State 5: <CallerIter line 285, col 5 to line 291, col 60 of module ParallelRadixSort>
/\ ci = 1
/\ hist = (0 :> (0 :> 0 @@ 1 :> 1))

State 6: <CallerIter line 285, col 5 to line 291, col 60 of module ParallelRadixSort>
/\ ci = 2
/\ hist = (0 :> (0 :> 1 @@ 1 :> 1))

State 7: <CallerIter line 285, col 5 to line 291, col 60 of module ParallelRadixSort>
/\ ci = 0
/\ hist = (0 :> (0 :> 2 @@ 1 :> 1))
/\ cstage = "idle"
/\ mpc = "join"

State 8: <Join line 313, col 5 to line 329, col 53 of module ParallelRadixSort>
/\ mpc = "prepare"

State 9: <Prepare line 234, col 5 to line 238, col 38 of module ParallelRadixSort>
/\ phase = "scatter"
/\ offs = (0 :> (0 :> 0 @@ 1 :> 2))
/\ cstage = "start"
/\ mpc = "f"

State 10: <CallerStart line 276, col 5 to line 282, col 60 of module ParallelRadixSort>
/\ cstage = "loop"

State 11: <CallerIter line 285, col 5 to line 291, col 60 of module ParallelRadixSort>
/\ tmp = (0 :> <<0, -1>> @@ 1 :> <<0, -1>> @@ 2 :> <<1, 0>>)
/\ ci = 1
/\ offs = (0 :> (0 :> 0 @@ 1 :> 3))
/\ wcount = [a |-> (0 :> 0 @@ 1 :> 0 @@ 2 :> 0), tmp |-> (0 :> 0 @@ 1 :> 0 @@ 2 :> 1)]

State 12: <CallerIter line 285, col 5 to line 291, col 60 of module ParallelRadixSort>
/\ tmp = (0 :> <<0, 1>> @@ 1 :> <<0, -1>> @@ 2 :> <<1, 0>>)
/\ ci = 2
/\ offs = (0 :> (0 :> 1 @@ 1 :> 3))
/\ wcount = [a |-> (0 :> 0 @@ 1 :> 0 @@ 2 :> 0), tmp |-> (0 :> 1 @@ 1 :> 0 @@ 2 :> 1)]

State 13: <CallerIter line 285, col 5 to line 291, col 60 of module ParallelRadixSort>
/\ tmp = (0 :> <<0, 1>> @@ 1 :> <<2, 2>> @@ 2 :> <<1, 0>>)
/\ ci = 0
/\ offs = (0 :> (0 :> 2 @@ 1 :> 3))
/\ cstage = "idle"
/\ mpc = "join"
/\ wcount = [a |-> (0 :> 0 @@ 1 :> 0 @@ 2 :> 0), tmp |-> (0 :> 1 @@ 1 :> 1 @@ 2 :> 1)]

State 14: <Join line 313, col 5 to line 329, col 53 of module ParallelRadixSort>
/\ sourceIsA = FALSE
/\ mpc = "loop"
/\ shift = 1

State 15: <MainLoop line 212, col 5 to line 230, col 74 of module ParallelRadixSort>
/\ phase = "hist"
/\ fromA = FALSE
/\ cstage = "start"
/\ mpc = "f"
/\ wcount = [a |-> (0 :> 0 @@ 1 :> 0 @@ 2 :> 0), tmp |-> (0 :> 0 @@ 1 :> 0 @@ 2 :> 0)]

State 16: <CallerStart line 276, col 5 to line 282, col 60 of module ParallelRadixSort>
/\ hist = (0 :> (0 :> 0 @@ 1 :> 0))
/\ cstage = "loop"

State 17: <CallerIter line 285, col 5 to line 291, col 60 of module ParallelRadixSort>
/\ ci = 1
/\ hist = (0 :> (0 :> 1 @@ 1 :> 0))

State 18: <CallerIter line 285, col 5 to line 291, col 60 of module ParallelRadixSort>
/\ ci = 2
/\ hist = (0 :> (0 :> 1 @@ 1 :> 1))

State 19: <CallerIter line 285, col 5 to line 291, col 60 of module ParallelRadixSort>
/\ ci = 0
/\ hist = (0 :> (0 :> 2 @@ 1 :> 1))
/\ cstage = "idle"
/\ mpc = "join"

State 20: <Join line 313, col 5 to line 329, col 53 of module ParallelRadixSort>
/\ mpc = "prepare"

State 21: <Prepare line 234, col 5 to line 238, col 38 of module ParallelRadixSort>
/\ phase = "scatter"
/\ offs = (0 :> (0 :> 0 @@ 1 :> 2))
/\ cstage = "start"
/\ mpc = "f"

State 22: <CallerStart line 276, col 5 to line 282, col 60 of module ParallelRadixSort>
/\ cstage = "loop"

State 23: <CallerIter line 285, col 5 to line 291, col 60 of module ParallelRadixSort>
/\ a = (0 :> <<0, 1>> @@ 1 :> <<0, 1>> @@ 2 :> <<2, 2>>)
/\ ci = 1
/\ offs = (0 :> (0 :> 1 @@ 1 :> 2))
/\ wcount = [a |-> (0 :> 1 @@ 1 :> 0 @@ 2 :> 0), tmp |-> (0 :> 0 @@ 1 :> 0 @@ 2 :> 0)]

State 24: <CallerRaise line 298, col 5 to line 307, col 63 of module ParallelRadixSort>
/\ phase = "scatter"
/\ sourceIsA = FALSE
/\ tmp = (0 :> <<0, 1>> @@ 1 :> <<2, 2>> @@ 2 :> <<1, 0>>)
/\ varying = 3
/\ a = (0 :> <<0, 1>> @@ 1 :> <<0, 1>> @@ 2 :> <<2, 2>>)
/\ ci = 1
/\ cw = 0
/\ di = << >>
/\ exc = "caller"
/\ offs = (0 :> (0 :> 1 @@ 1 :> 2))
/\ ret = "raised"
/\ hist = (0 :> (0 :> 2 @@ 1 :> 1))
/\ fromA = FALSE
/\ dstate = << >>
/\ firstUnstarted = 1
/\ cstage = "idle"
/\ mpc = "returned"
/\ spawnNext = 1
/\ shift = 1
/\ bits = 1
/\ cexc = FALSE
/\ wcount = [a |-> (0 :> 1 @@ 1 :> 0 @@ 2 :> 0), tmp |-> (0 :> 0 @@ 1 :> 0 @@ 2 :> 0)]
/\ a0 = (0 :> <<1, 0>> @@ 1 :> <<0, 1>> @@ 2 :> <<2, 2>>)

2504 states generated, 1780 distinct states found, 45 states left on queue.
The depth of the complete state graph search is 24.
The average outdegree of the complete state graph is 1 (minimum is 0, the maximum 2 and the 95th percentile is 2).
Finished in 00s at (2026-09-23 21:27:53)
