TLC2 Version 2.19 of 08 August 2024 (rev: 5a47802)
Running breadth-first search Model-Checking with fp 31 and seed -6439376105658899356 with 10 workers on 10 cores with 14564MB heap and 64MB offheap memory [pid: 30776] (Mac OS X 27.0 aarch64, Homebrew 27 x86_64, MSBDiskFPSet, DiskStateQueue).
Starting... (2026-09-23 21:25:00)
Implied-temporal checking--satisfiability problem has 1 branches.
Computing initial states...
Computed 2 initial states...
Computed 4 initial states...
Computed 8 initial states...
Computed 16 initial states...
Computed 32 initial states...
Computed 64 initial states...
Computed 128 initial states...
Computed 256 initial states...
Computed 512 initial states...
Computed 1024 initial states...
Computed 2048 initial states...
Finished computing initial states: 4096 distinct states generated at 2026-09-23 21:25:00.
Checking temporal properties for the current state space with 7336 total distinct states at (2026-09-23 21:25:03)
Finished checking temporal properties in 00s at 2026-09-23 21:25:03
Progress(2) at 2026-09-23 21:25:03: 7 342 states generated (7 342 s/min), 7 342 distinct states found (7 342 ds/min), 4 096 states left on queue.
Checking temporal properties for the current state space with 959766 total distinct states at (2026-09-23 21:26:03)
Finished checking temporal properties in 11s at 2026-09-23 21:26:15
Progress(39) at 2026-09-23 21:26:15: 1 694 258 states generated (1 686 916 s/min), 959 818 distinct states found (952 476 ds/min), 42 336 states left on queue.
Progress(44) at 2026-09-23 21:26:23: 1 930 120 states generated, 1 073 032 distinct states found, 0 states left on queue.
Checking temporal properties for the complete state space with 1073032 total distinct states at (2026-09-23 21:26:23)
Finished checking temporal properties in 11s at 2026-09-23 21:26:34
Model checking completed. No error has been found.
  Estimates of the probability that TLC did not check all reachable states
  because two distinct states had the same fingerprint:
  calculated (optimistic):  val = 5.0E-8
  based on the actual fingerprints:  val = 3.7E-8
1930120 states generated, 1073032 distinct states found, 0 states left on queue.
The depth of the complete state graph search is 44.
The average outdegree of the complete state graph is 1 (minimum is 0, the maximum 3 and the 95th percentile is 3).
Finished in 01min 35s at (2026-09-23 21:26:34)
